> Task :app:preBuild UP-TO-DATE
> Task :app:preDebugBuild UP-TO-DATE
> Task :app:mergeDebugNativeDebugMetadata NO-SOURCE
> Task :app:checkKotlinGradlePluginConfigurationErrors
> Task :app:checkDebugAarMetadata UP-TO-DATE
> Task :app:generateDebugResValues UP-TO-DATE
> Task :app:processDebugGoogleServices UP-TO-DATE
> Task :app:mapDebugSourceSetPaths UP-TO-DATE
> Task :app:generateDebugResources UP-TO-DATE
> Task :app:mergeDebugResources UP-TO-DATE
> Task :app:packageDebugResources UP-TO-DATE
> Task :app:parseDebugLocalResources UP-TO-DATE
> Task :app:createDebugCompatibleScreenManifests UP-TO-DATE
> Task :app:extractDeepLinksDebug UP-TO-DATE
> Task :app:processDebugMainManifest UP-TO-DATE
> Task :app:processDebugManifest UP-TO-DATE
> Task :app:processDebugManifestForPackage UP-TO-DATE
> Task :app:processDebugResources UP-TO-DATE
> Task :app:javaPreCompileDebug UP-TO-DATE
> Task :app:mergeDebugShaders UP-TO-DATE
> Task :app:compileDebugShaders NO-SOURCE
> Task :app:generateDebugAssets UP-TO-DATE
> Task :app:mergeDebugAssets UP-TO-DATE
> Task :app:compressDebugAssets UP-TO-DATE
> Task :app:l8DexDesugarLibDebug UP-TO-DATE
> Task :app:desugarDebugFileDependencies UP-TO-DATE
> Task :app:checkDebugDuplicateClasses UP-TO-DATE
> Task :app:mergeDebugStartupProfile UP-TO-DATE
> Task :app:mergeExtDexDebug UP-TO-DATE
> Task :app:mergeLibDexDebug UP-TO-DATE
> Task :app:mergeDebugJniLibFolders UP-TO-DATE
> Task :app:mergeDebugNativeLibs UP-TO-DATE
> Task :app:stripDebugDebugSymbols UP-TO-DATE
> Task :app:validateSigningDebug UP-TO-DATE
> Task :app:writeDebugAppMetadata UP-TO-DATE
> Task :app:writeDebugSigningConfigVersions UP-TO-DATE
> Task :app:kspDebugKotlin

> Task :app:compileDebugKotlin
w: file:///C:/Users/RAMESHBANDI/static/Android%20Apps/Family%20Connect%20App/app/src/main/java/com/familyconnect/app/ui/FamilyConnectRoot.kt:376:53 'Chat: ImageVector' is deprecated. Use the AutoMirrored version at Icons.AutoMirrored.Filled.Chat
w: file:///C:/Users/RAMESHBANDI/static/Android%20Apps/Family%20Connect%20App/app/src/main/java/com/familyconnect/app/ui/FamilyConnectRoot.kt:468:50 'Chat: ImageVector' is deprecated. Use the AutoMirrored version at Icons.AutoMirrored.Filled.Chat
w: file:///C:/Users/RAMESHBANDI/static/Android%20Apps/Family%20Connect%20App/app/src/main/java/com/familyconnect/app/ui/FamilyConnectRoot.kt:476:50 'Note: ImageVector' is deprecated. Use the AutoMirrored version at Icons.AutoMirrored.Filled.Note
w: file:///C:/Users/RAMESHBANDI/static/Android%20Apps/Family%20Connect%20App/app/src/main/java/com/familyconnect/app/ui/FamilyConnectRoot.kt:1028:47 'ArrowBack: ImageVector' is deprecated. Use the AutoMirrored version at Icons.AutoMirrored.Filled.ArrowBack
w: file:///C:/Users/RAMESHBANDI/static/Android%20Apps/Family%20Connect%20App/app/src/main/java/com/familyconnect/app/ui/FamilyConnectRoot.kt:1346:25 'LinearProgressIndicator(Float, Modifier = ..., Color = ..., Color = ..., StrokeCap = ...): Unit' is deprecated. Use the overload that takes `progress` as a lambda
w: file:///C:/Users/RAMESHBANDI/static/Android%20Apps/Family%20Connect%20App/app/src/main/java/com/familyconnect/app/ui/FamilyConnectRoot.kt:1398:47 'Send: ImageVector' is deprecated. Use the AutoMirrored version at Icons.AutoMirrored.Filled.Send
w: file:///C:/Users/RAMESHBANDI/static/Android%20Apps/Family%20Connect%20App/app/src/main/java/com/familyconnect/app/ui/FamilyConnectRoot.kt:1564:72 'VolumeUp: ImageVector' is deprecated. Use the AutoMirrored version at Icons.AutoMirrored.Filled.VolumeUp
w: file:///C:/Users/RAMESHBANDI/static/Android%20Apps/Family%20Connect%20App/app/src/main/java/com/familyconnect/app/ui/FamilyConnectRoot.kt:1564:99 'VolumeMute: ImageVector' is deprecated. Use the AutoMirrored version at Icons.AutoMirrored.Filled.VolumeMute
w: file:///C:/Users/RAMESHBANDI/static/Android%20Apps/Family%20Connect%20App/app/src/main/java/com/familyconnect/app/ui/FamilyConnectRoot.kt:1840:47 'VolumeUp: ImageVector' is deprecated. Use the AutoMirrored version at Icons.AutoMirrored.Filled.VolumeUp
w: file:///C:/Users/RAMESHBANDI/static/Android%20Apps/Family%20Connect%20App/app/src/main/java/com/familyconnect/app/ui/FamilyConnectRoot.kt:1986:44 'Divider(Modifier = ..., Dp = ..., Color = ...): Unit' is deprecated. Renamed to HorizontalDivider
w: file:///C:/Users/RAMESHBANDI/static/Android%20Apps/Family%20Connect%20App/app/src/main/java/com/familyconnect/app/ui/FamilyConnectRoot.kt:1997:44 'Divider(Modifier = ..., Dp = ..., Color = ...): Unit' is deprecated. Renamed to HorizontalDivider
w: file:///C:/Users/RAMESHBANDI/static/Android%20Apps/Family%20Connect%20App/app/src/main/java/com/familyconnect/app/ui/FamilyConnectRoot.kt:2239:36 'Logout: ImageVector' is deprecated. Use the AutoMirrored version at Icons.AutoMirrored.Filled.Logout

> Task :app:compileDebugJavaWithJavac UP-TO-DATE
> Task :app:dexBuilderDebug
> Task :app:mergeDebugGlobalSynthetics UP-TO-DATE
> Task :app:processDebugJavaRes UP-TO-DATE
> Task :app:mergeDebugJavaResource UP-TO-DATE
> Task :app:mergeProjectDexDebug
> Task :app:packageDebug
> Task :app:createDebugApkListingFileRedirect UP-TO-DATE
> Task :app:assembleDebug

[Incubating] Problems report is available at: file:///C:/Users/RAMESHBANDI/static/Android%20Apps/Family%20Connect%20App/build/reports/problems/problems-report.html

Deprecated Gradle features were used in this build, making it incompatible with Gradle 10.

You can use '--warning-mode all' to show the individual deprecation warnings and determine if they come from your own scripts or plugins.

For more on this, please refer to https://docs.gradle.org/9.0.0/userguide/command_line_interface.html#sec:command_line_warnings in the Gradle documentation.

BUILD SUCCESSFUL in 23s
41 actionable tasks: 6 executed, 35 up-to-date
Consider enabling configuration cache to speed up this build: https://docs.gradle.org/9.0.0/userguide/configuration_cache_enabling.html
